muxpart__11: 
reg__11: 
pla: 
logic__46: 
muxpart__12: 
logic__58: 
logic__59: 
case: 
logic__60: 
reg__21: 
case__4: 
logic__67: 
reg__13: 
logic__71: 
logic__61: 
case__7: 
datapath__7: 
reg__2: 
case__13: 
case__14: 
case__9: 
reg__4: 
reg__27: 
Decoder: 
reg__10: 
reg__15: 
case__10: 
logic__66: 
reg__1: 
logic__40: 
Extend: 
reg__17: 
logic__62: 
logic__45: 
reg__19: 
logic: 
muxpart__9: 
reg__24: 
datapath__4: 
ProgramCounter: 
logic__37: 
RISCV_MMC: 
logic__75: 
muxpart__1: 
reg__14: 
reg: 
SevenSegDecoder: 
logic__54: 
case__8: 
reg__26: 
reg__25: 
logic__39: 
muxpart__8: 
muxpart__2: 
datapath__9: 
counter: 
reg__30: 
datapath__8: 
muxpart__5: 
logic__44: 
reg__9: 
RegFile: 
extram: 
reg__18: 
datapath__6: 
datapath__3: 
Top_MMC: 
case__5: 
datapath__2: 
logic__38: 
case__12: 
case__11: 
muxpart__4: 
reg__5: 
reg__7: 
muxpart__3: 
logic__41: 
reg__23: 
reg__3: 
reg__12: 
logic__78: 
reg__16: 
datapath: 
ALU: 
case__1: 
reg__28: 
reg__20: 
case__6: 
muxpart__6: 
muxpart: 
PC_Logic: 
reg__22: 
reg__29: 
muxpart__13: 
datapath__5: 
extram__1: 
muxpart__10: 
muxpart__7: 
datapath__1: 
reg__6: 
reg__8: 
